// Jest Snapshot v1, https://goo.gl/fbAQLP

exports[`renders 1`] = `
<DocumentFragment>
  <div
    class="Wrapper"
  >
    <button
      class="ant-btn css-dev-only-do-not-override-qgg3xn ant-btn-default Button"
      type="button"
    >
      <span>
        reset
      </span>
    </button>
    <div
      class="ChessBoardWrapper"
    />
  </div>
</DocumentFragment>
`;
