// Jest Snapshot v1, https://goo.gl/fbAQLP

exports[`Snaphot with data 1`] = `
<div>
  <h1>
    Welcome to Chess Is Hard by Kyle
  </h1>
  <p>
    [{"ID":"0","Name":"Tester"}]
  </p>
  <div
    class="Wrapper"
  >
    <div
      class="Square"
      style="background-color:white"
    >
      <img
        class="PieceImg"
        src="black-rook.png"
      />
    </div>
    <div
      class="Square"
      style="background-color:green"
    >
      <img
        class="PieceImg"
        src="black-knight.png"
      />
    </div>
    <div
      class="Square"
      style="background-color:white"
    >
      <img
        class="PieceImg"
        src="black-bishop.png"
      />
    </div>
    <div
      class="Square"
      style="background-color:green"
    >
      <img
        class="PieceImg"
        src="black-queen.png"
      />
    </div>
    <div
      class="Square"
      style="background-color:white"
    >
      <img
        class="PieceImg"
        src="black-king.png"
      />
    </div>
    <div
      class="Square"
      style="background-color:green"
    >
      <img
        class="PieceImg"
        src="black-bishop.png"
      />
    </div>
    <div
      class="Square"
      style="background-color:white"
    >
      <img
        class="PieceImg"
        src="black-knight.png"
      />
    </div>
    <div
      class="Square"
      style="background-color:green"
    >
      <img
        class="PieceImg"
        src="black-rook.png"
      />
    </div>
    <div
      class="Square"
      style="background-color:green"
    >
      <img
        class="PieceImg"
        src="black-pawn.png"
      />
    </div>
    <div
      class="Square"
      style="background-color:white"
    >
      <img
        class="PieceImg"
        src="black-pawn.png"
      />
    </div>
    <div
      class="Square"
      style="background-color:green"
    >
      <img
        class="PieceImg"
        src="black-pawn.png"
      />
    </div>
    <div
      class="Square"
      style="background-color:white"
    >
      <img
        class="PieceImg"
        src="black-pawn.png"
      />
    </div>
    <div
      class="Square"
      style="background-color:green"
    >
      <img
        class="PieceImg"
        src="black-pawn.png"
      />
    </div>
    <div
      class="Square"
      style="background-color:white"
    >
      <img
        class="PieceImg"
        src="black-pawn.png"
      />
    </div>
    <div
      class="Square"
      style="background-color:green"
    >
      <img
        class="PieceImg"
        src="black-pawn.png"
      />
    </div>
    <div
      class="Square"
      style="background-color:white"
    >
      <img
        class="PieceImg"
        src="black-pawn.png"
      />
    </div>
    <div
      class="Square"
      style="background-color:white"
    >
      <img
        class="PieceImg"
        src=""
      />
    </div>
    <div
      class="Square"
      style="background-color:green"
    >
      <img
        class="PieceImg"
        src=""
      />
    </div>
    <div
      class="Square"
      style="background-color:white"
    >
      <img
        class="PieceImg"
        src=""
      />
    </div>
    <div
      class="Square"
      style="background-color:green"
    >
      <img
        class="PieceImg"
        src=""
      />
    </div>
    <div
      class="Square"
      style="background-color:white"
    >
      <img
        class="PieceImg"
        src=""
      />
    </div>
    <div
      class="Square"
      style="background-color:green"
    >
      <img
        class="PieceImg"
        src=""
      />
    </div>
    <div
      class="Square"
      style="background-color:white"
    >
      <img
        class="PieceImg"
        src=""
      />
    </div>
    <div
      class="Square"
      style="background-color:green"
    >
      <img
        class="PieceImg"
        src=""
      />
    </div>
    <div
      class="Square"
      style="background-color:green"
    >
      <img
        class="PieceImg"
        src=""
      />
    </div>
    <div
      class="Square"
      style="background-color:white"
    >
      <img
        class="PieceImg"
        src=""
      />
    </div>
    <div
      class="Square"
      style="background-color:green"
    >
      <img
        class="PieceImg"
        src=""
      />
    </div>
    <div
      class="Square"
      style="background-color:white"
    >
      <img
        class="PieceImg"
        src=""
      />
    </div>
    <div
      class="Square"
      style="background-color:green"
    >
      <img
        class="PieceImg"
        src=""
      />
    </div>
    <div
      class="Square"
      style="background-color:white"
    >
      <img
        class="PieceImg"
        src=""
      />
    </div>
    <div
      class="Square"
      style="background-color:green"
    >
      <img
        class="PieceImg"
        src=""
      />
    </div>
    <div
      class="Square"
      style="background-color:white"
    >
      <img
        class="PieceImg"
        src=""
      />
    </div>
    <div
      class="Square"
      style="background-color:white"
    >
      <img
        class="PieceImg"
        src=""
      />
    </div>
    <div
      class="Square"
      style="background-color:green"
    >
      <img
        class="PieceImg"
        src=""
      />
    </div>
    <div
      class="Square"
      style="background-color:white"
    >
      <img
        class="PieceImg"
        src=""
      />
    </div>
    <div
      class="Square"
      style="background-color:green"
    >
      <img
        class="PieceImg"
        src=""
      />
    </div>
    <div
      class="Square"
      style="background-color:white"
    >
      <img
        class="PieceImg"
        src=""
      />
    </div>
    <div
      class="Square"
      style="background-color:green"
    >
      <img
        class="PieceImg"
        src=""
      />
    </div>
    <div
      class="Square"
      style="background-color:white"
    >
      <img
        class="PieceImg"
        src=""
      />
    </div>
    <div
      class="Square"
      style="background-color:green"
    >
      <img
        class="PieceImg"
        src=""
      />
    </div>
    <div
      class="Square"
      style="background-color:green"
    >
      <img
        class="PieceImg"
        src=""
      />
    </div>
    <div
      class="Square"
      style="background-color:white"
    >
      <img
        class="PieceImg"
        src=""
      />
    </div>
    <div
      class="Square"
      style="background-color:green"
    >
      <img
        class="PieceImg"
        src=""
      />
    </div>
    <div
      class="Square"
      style="background-color:white"
    >
      <img
        class="PieceImg"
        src=""
      />
    </div>
    <div
      class="Square"
      style="background-color:green"
    >
      <img
        class="PieceImg"
        src=""
      />
    </div>
    <div
      class="Square"
      style="background-color:white"
    >
      <img
        class="PieceImg"
        src=""
      />
    </div>
    <div
      class="Square"
      style="background-color:green"
    >
      <img
        class="PieceImg"
        src=""
      />
    </div>
    <div
      class="Square"
      style="background-color:white"
    >
      <img
        class="PieceImg"
        src=""
      />
    </div>
    <div
      class="Square"
      style="background-color:white"
    >
      <img
        class="PieceImg"
        src="white-pawn.png"
      />
    </div>
    <div
      class="Square"
      style="background-color:green"
    >
      <img
        class="PieceImg"
        src="white-pawn.png"
      />
    </div>
    <div
      class="Square"
      style="background-color:white"
    >
      <img
        class="PieceImg"
        src="white-pawn.png"
      />
    </div>
    <div
      class="Square"
      style="background-color:green"
    >
      <img
        class="PieceImg"
        src="white-pawn.png"
      />
    </div>
    <div
      class="Square"
      style="background-color:white"
    >
      <img
        class="PieceImg"
        src="white-pawn.png"
      />
    </div>
    <div
      class="Square"
      style="background-color:green"
    >
      <img
        class="PieceImg"
        src="white-pawn.png"
      />
    </div>
    <div
      class="Square"
      style="background-color:white"
    >
      <img
        class="PieceImg"
        src="white-pawn.png"
      />
    </div>
    <div
      class="Square"
      style="background-color:green"
    >
      <img
        class="PieceImg"
        src="white-pawn.png"
      />
    </div>
    <div
      class="Square"
      style="background-color:green"
    >
      <img
        class="PieceImg"
        src="white-rook.png"
      />
    </div>
    <div
      class="Square"
      style="background-color:white"
    >
      <img
        class="PieceImg"
        src="white-knight.png"
      />
    </div>
    <div
      class="Square"
      style="background-color:green"
    >
      <img
        class="PieceImg"
        src="white-bishop.png"
      />
    </div>
    <div
      class="Square"
      style="background-color:white"
    >
      <img
        class="PieceImg"
        src="white-queen.png"
      />
    </div>
    <div
      class="Square"
      style="background-color:green"
    >
      <img
        class="PieceImg"
        src="white-king.png"
      />
    </div>
    <div
      class="Square"
      style="background-color:white"
    >
      <img
        class="PieceImg"
        src="white-bishop.png"
      />
    </div>
    <div
      class="Square"
      style="background-color:green"
    >
      <img
        class="PieceImg"
        src="white-knight.png"
      />
    </div>
    <div
      class="Square"
      style="background-color:white"
    >
      <img
        class="PieceImg"
        src="white-rook.png"
      />
    </div>
  </div>
</div>
`;

exports[`Snaphot without data 1`] = `
<div>
  <h1>
    Welcome to Chess Is Hard by Kyle
  </h1>
  <p>
    []
  </p>
  <div
    class="Wrapper"
  >
    <div
      class="Square"
      style="background-color:white"
    >
      <img
        class="PieceImg"
        src="black-rook.png"
      />
    </div>
    <div
      class="Square"
      style="background-color:green"
    >
      <img
        class="PieceImg"
        src="black-knight.png"
      />
    </div>
    <div
      class="Square"
      style="background-color:white"
    >
      <img
        class="PieceImg"
        src="black-bishop.png"
      />
    </div>
    <div
      class="Square"
      style="background-color:green"
    >
      <img
        class="PieceImg"
        src="black-queen.png"
      />
    </div>
    <div
      class="Square"
      style="background-color:white"
    >
      <img
        class="PieceImg"
        src="black-king.png"
      />
    </div>
    <div
      class="Square"
      style="background-color:green"
    >
      <img
        class="PieceImg"
        src="black-bishop.png"
      />
    </div>
    <div
      class="Square"
      style="background-color:white"
    >
      <img
        class="PieceImg"
        src="black-knight.png"
      />
    </div>
    <div
      class="Square"
      style="background-color:green"
    >
      <img
        class="PieceImg"
        src="black-rook.png"
      />
    </div>
    <div
      class="Square"
      style="background-color:green"
    >
      <img
        class="PieceImg"
        src="black-pawn.png"
      />
    </div>
    <div
      class="Square"
      style="background-color:white"
    >
      <img
        class="PieceImg"
        src="black-pawn.png"
      />
    </div>
    <div
      class="Square"
      style="background-color:green"
    >
      <img
        class="PieceImg"
        src="black-pawn.png"
      />
    </div>
    <div
      class="Square"
      style="background-color:white"
    >
      <img
        class="PieceImg"
        src="black-pawn.png"
      />
    </div>
    <div
      class="Square"
      style="background-color:green"
    >
      <img
        class="PieceImg"
        src="black-pawn.png"
      />
    </div>
    <div
      class="Square"
      style="background-color:white"
    >
      <img
        class="PieceImg"
        src="black-pawn.png"
      />
    </div>
    <div
      class="Square"
      style="background-color:green"
    >
      <img
        class="PieceImg"
        src="black-pawn.png"
      />
    </div>
    <div
      class="Square"
      style="background-color:white"
    >
      <img
        class="PieceImg"
        src="black-pawn.png"
      />
    </div>
    <div
      class="Square"
      style="background-color:white"
    >
      <img
        class="PieceImg"
        src=""
      />
    </div>
    <div
      class="Square"
      style="background-color:green"
    >
      <img
        class="PieceImg"
        src=""
      />
    </div>
    <div
      class="Square"
      style="background-color:white"
    >
      <img
        class="PieceImg"
        src=""
      />
    </div>
    <div
      class="Square"
      style="background-color:green"
    >
      <img
        class="PieceImg"
        src=""
      />
    </div>
    <div
      class="Square"
      style="background-color:white"
    >
      <img
        class="PieceImg"
        src=""
      />
    </div>
    <div
      class="Square"
      style="background-color:green"
    >
      <img
        class="PieceImg"
        src=""
      />
    </div>
    <div
      class="Square"
      style="background-color:white"
    >
      <img
        class="PieceImg"
        src=""
      />
    </div>
    <div
      class="Square"
      style="background-color:green"
    >
      <img
        class="PieceImg"
        src=""
      />
    </div>
    <div
      class="Square"
      style="background-color:green"
    >
      <img
        class="PieceImg"
        src=""
      />
    </div>
    <div
      class="Square"
      style="background-color:white"
    >
      <img
        class="PieceImg"
        src=""
      />
    </div>
    <div
      class="Square"
      style="background-color:green"
    >
      <img
        class="PieceImg"
        src=""
      />
    </div>
    <div
      class="Square"
      style="background-color:white"
    >
      <img
        class="PieceImg"
        src=""
      />
    </div>
    <div
      class="Square"
      style="background-color:green"
    >
      <img
        class="PieceImg"
        src=""
      />
    </div>
    <div
      class="Square"
      style="background-color:white"
    >
      <img
        class="PieceImg"
        src=""
      />
    </div>
    <div
      class="Square"
      style="background-color:green"
    >
      <img
        class="PieceImg"
        src=""
      />
    </div>
    <div
      class="Square"
      style="background-color:white"
    >
      <img
        class="PieceImg"
        src=""
      />
    </div>
    <div
      class="Square"
      style="background-color:white"
    >
      <img
        class="PieceImg"
        src=""
      />
    </div>
    <div
      class="Square"
      style="background-color:green"
    >
      <img
        class="PieceImg"
        src=""
      />
    </div>
    <div
      class="Square"
      style="background-color:white"
    >
      <img
        class="PieceImg"
        src=""
      />
    </div>
    <div
      class="Square"
      style="background-color:green"
    >
      <img
        class="PieceImg"
        src=""
      />
    </div>
    <div
      class="Square"
      style="background-color:white"
    >
      <img
        class="PieceImg"
        src=""
      />
    </div>
    <div
      class="Square"
      style="background-color:green"
    >
      <img
        class="PieceImg"
        src=""
      />
    </div>
    <div
      class="Square"
      style="background-color:white"
    >
      <img
        class="PieceImg"
        src=""
      />
    </div>
    <div
      class="Square"
      style="background-color:green"
    >
      <img
        class="PieceImg"
        src=""
      />
    </div>
    <div
      class="Square"
      style="background-color:green"
    >
      <img
        class="PieceImg"
        src=""
      />
    </div>
    <div
      class="Square"
      style="background-color:white"
    >
      <img
        class="PieceImg"
        src=""
      />
    </div>
    <div
      class="Square"
      style="background-color:green"
    >
      <img
        class="PieceImg"
        src=""
      />
    </div>
    <div
      class="Square"
      style="background-color:white"
    >
      <img
        class="PieceImg"
        src=""
      />
    </div>
    <div
      class="Square"
      style="background-color:green"
    >
      <img
        class="PieceImg"
        src=""
      />
    </div>
    <div
      class="Square"
      style="background-color:white"
    >
      <img
        class="PieceImg"
        src=""
      />
    </div>
    <div
      class="Square"
      style="background-color:green"
    >
      <img
        class="PieceImg"
        src=""
      />
    </div>
    <div
      class="Square"
      style="background-color:white"
    >
      <img
        class="PieceImg"
        src=""
      />
    </div>
    <div
      class="Square"
      style="background-color:white"
    >
      <img
        class="PieceImg"
        src="white-pawn.png"
      />
    </div>
    <div
      class="Square"
      style="background-color:green"
    >
      <img
        class="PieceImg"
        src="white-pawn.png"
      />
    </div>
    <div
      class="Square"
      style="background-color:white"
    >
      <img
        class="PieceImg"
        src="white-pawn.png"
      />
    </div>
    <div
      class="Square"
      style="background-color:green"
    >
      <img
        class="PieceImg"
        src="white-pawn.png"
      />
    </div>
    <div
      class="Square"
      style="background-color:white"
    >
      <img
        class="PieceImg"
        src="white-pawn.png"
      />
    </div>
    <div
      class="Square"
      style="background-color:green"
    >
      <img
        class="PieceImg"
        src="white-pawn.png"
      />
    </div>
    <div
      class="Square"
      style="background-color:white"
    >
      <img
        class="PieceImg"
        src="white-pawn.png"
      />
    </div>
    <div
      class="Square"
      style="background-color:green"
    >
      <img
        class="PieceImg"
        src="white-pawn.png"
      />
    </div>
    <div
      class="Square"
      style="background-color:green"
    >
      <img
        class="PieceImg"
        src="white-rook.png"
      />
    </div>
    <div
      class="Square"
      style="background-color:white"
    >
      <img
        class="PieceImg"
        src="white-knight.png"
      />
    </div>
    <div
      class="Square"
      style="background-color:green"
    >
      <img
        class="PieceImg"
        src="white-bishop.png"
      />
    </div>
    <div
      class="Square"
      style="background-color:white"
    >
      <img
        class="PieceImg"
        src="white-queen.png"
      />
    </div>
    <div
      class="Square"
      style="background-color:green"
    >
      <img
        class="PieceImg"
        src="white-king.png"
      />
    </div>
    <div
      class="Square"
      style="background-color:white"
    >
      <img
        class="PieceImg"
        src="white-bishop.png"
      />
    </div>
    <div
      class="Square"
      style="background-color:green"
    >
      <img
        class="PieceImg"
        src="white-knight.png"
      />
    </div>
    <div
      class="Square"
      style="background-color:white"
    >
      <img
        class="PieceImg"
        src="white-rook.png"
      />
    </div>
  </div>
</div>
`;
