// Jest Snapshot v1, https://goo.gl/fbAQLP

exports[`Snapshot 1`] = `
<div
  style="background-color:red;width:calc(min(90vh, 90vw));height:calc(min(90vh, 90vw));display:grid;grid-template-columns:repeat(8, 1fr)"
>
  <div
    style="background-color:white;height:100%;width:100%"
  >
    r
  </div>
  <div
    style="background-color:green;height:100%;width:100%"
  >
    n
  </div>
  <div
    style="background-color:white;height:100%;width:100%"
  >
    b
  </div>
  <div
    style="background-color:green;height:100%;width:100%"
  >
    q
  </div>
  <div
    style="background-color:white;height:100%;width:100%"
  >
    k
  </div>
  <div
    style="background-color:green;height:100%;width:100%"
  >
    b
  </div>
  <div
    style="background-color:white;height:100%;width:100%"
  >
    n
  </div>
  <div
    style="background-color:green;height:100%;width:100%"
  >
    r
  </div>
  <div
    style="background-color:green;height:100%;width:100%"
  >
    p
  </div>
  <div
    style="background-color:white;height:100%;width:100%"
  >
    p
  </div>
  <div
    style="background-color:green;height:100%;width:100%"
  >
    p
  </div>
  <div
    style="background-color:white;height:100%;width:100%"
  >
    p
  </div>
  <div
    style="background-color:green;height:100%;width:100%"
  >
    p
  </div>
  <div
    style="background-color:white;height:100%;width:100%"
  >
    p
  </div>
  <div
    style="background-color:green;height:100%;width:100%"
  >
    p
  </div>
  <div
    style="background-color:white;height:100%;width:100%"
  >
    p
  </div>
  <div
    style="background-color:white;height:100%;width:100%"
  />
  <div
    style="background-color:green;height:100%;width:100%"
  />
  <div
    style="background-color:white;height:100%;width:100%"
  />
  <div
    style="background-color:green;height:100%;width:100%"
  />
  <div
    style="background-color:white;height:100%;width:100%"
  />
  <div
    style="background-color:green;height:100%;width:100%"
  />
  <div
    style="background-color:white;height:100%;width:100%"
  />
  <div
    style="background-color:green;height:100%;width:100%"
  />
  <div
    style="background-color:green;height:100%;width:100%"
  />
  <div
    style="background-color:white;height:100%;width:100%"
  />
  <div
    style="background-color:green;height:100%;width:100%"
  />
  <div
    style="background-color:white;height:100%;width:100%"
  />
  <div
    style="background-color:green;height:100%;width:100%"
  />
  <div
    style="background-color:white;height:100%;width:100%"
  />
  <div
    style="background-color:green;height:100%;width:100%"
  />
  <div
    style="background-color:white;height:100%;width:100%"
  />
  <div
    style="background-color:white;height:100%;width:100%"
  />
  <div
    style="background-color:green;height:100%;width:100%"
  />
  <div
    style="background-color:white;height:100%;width:100%"
  />
  <div
    style="background-color:green;height:100%;width:100%"
  />
  <div
    style="background-color:white;height:100%;width:100%"
  />
  <div
    style="background-color:green;height:100%;width:100%"
  />
  <div
    style="background-color:white;height:100%;width:100%"
  />
  <div
    style="background-color:green;height:100%;width:100%"
  />
  <div
    style="background-color:green;height:100%;width:100%"
  />
  <div
    style="background-color:white;height:100%;width:100%"
  />
  <div
    style="background-color:green;height:100%;width:100%"
  />
  <div
    style="background-color:white;height:100%;width:100%"
  />
  <div
    style="background-color:green;height:100%;width:100%"
  />
  <div
    style="background-color:white;height:100%;width:100%"
  />
  <div
    style="background-color:green;height:100%;width:100%"
  />
  <div
    style="background-color:white;height:100%;width:100%"
  />
  <div
    style="background-color:white;height:100%;width:100%"
  >
    P
  </div>
  <div
    style="background-color:green;height:100%;width:100%"
  >
    P
  </div>
  <div
    style="background-color:white;height:100%;width:100%"
  >
    P
  </div>
  <div
    style="background-color:green;height:100%;width:100%"
  >
    P
  </div>
  <div
    style="background-color:white;height:100%;width:100%"
  >
    P
  </div>
  <div
    style="background-color:green;height:100%;width:100%"
  >
    P
  </div>
  <div
    style="background-color:white;height:100%;width:100%"
  >
    P
  </div>
  <div
    style="background-color:green;height:100%;width:100%"
  >
    P
  </div>
  <div
    style="background-color:green;height:100%;width:100%"
  >
    R
  </div>
  <div
    style="background-color:white;height:100%;width:100%"
  >
    N
  </div>
  <div
    style="background-color:green;height:100%;width:100%"
  >
    B
  </div>
  <div
    style="background-color:white;height:100%;width:100%"
  >
    Q
  </div>
  <div
    style="background-color:green;height:100%;width:100%"
  >
    K
  </div>
  <div
    style="background-color:white;height:100%;width:100%"
  >
    B
  </div>
  <div
    style="background-color:green;height:100%;width:100%"
  >
    N
  </div>
  <div
    style="background-color:white;height:100%;width:100%"
  >
    R
  </div>
</div>
`;
